
FAIL src/app/checkout/tests/
CheckoutPage.test.js
FAIL src/app/register/tests/
RegisterPage.test.js (6.003 
s)
Summary of all failing tests
FAIL src/app/checkout/tests/
CheckoutPage.test.js
FAIL src/app/register/tests/
RegisterPage.test.js (6.003 
s)
Test Suites: 2 failed, 25 
passed, 27 total
Tests:       2 failed, 42 
passed, 44 total


